src/app/dashboard/admin/courses/[id]/page.tsx(44,27): error TS2345: Argument of type '{ id: any; name: any; grade: any; created_at: any; enrollments: { id: any; student_id: any; profiles: { id: any; full_name: any; }[]; }[]; }' is not assignable to parameter of type 'SetStateAction<Course | null>'.
  Type '{ id: any; name: any; grade: any; created_at: any; enrollments: { id: any; student_id: any; profiles: { id: any; full_name: any; }[]; }[]; }' is not assignable to type 'Course'.
    Types of property 'enrollments' are incompatible.
      Type '{ id: any; student_id: any; profiles: { id: any; full_name: any; }[]; }[]' is not assignable to type 'Enrollment[]'.
        Type '{ id: any; student_id: any; profiles: { id: any; full_name: any; }[]; }' is not assignable to type 'Enrollment'.
          Types of property 'profiles' are incompatible.
            Type '{ id: any; full_name: any; }[]' is missing the following properties from type 'Student': id, full_name
src/app/dashboard/professional/activities/page.tsx(162,47): error TS2322: Type '(formData: FormData) => Promise<{ error: string; success?: undefined; } | { success: boolean; error?: undefined; }>' is not assignable to type 'string | ((formData: FormData) => void | Promise<void>) | undefined'.
  Type '(formData: FormData) => Promise<{ error: string; success?: undefined; } | { success: boolean; error?: undefined; }>' is not assignable to type '(formData: FormData) => void | Promise<void>'.
    Type 'Promise<{ error: string; success?: undefined; } | { success: boolean; error?: undefined; }>' is not assignable to type 'void | Promise<void>'.
      Type 'Promise<{ error: string; success?: undefined; } | { success: boolean; error?: undefined; }>' is not assignable to type 'Promise<void>'.
        Type '{ error: string; success?: undefined; } | { success: boolean; error?: undefined; }' is not assignable to type 'void'.
          Type '{ error: string; success?: undefined; }' is not assignable to type 'void'.
src/app/dashboard/professional/statistics/EmotionChart.tsx(27,63): error TS18048: 'percent' is possibly 'undefined'.
src/app/dashboard/teacher/activities/page.tsx(88,105): error TS2339: Property 'name' does not exist on type '{ name: any; }[]'.
src/app/dashboard/teacher/activities/page.tsx(98,47): error TS2322: Type '(formData: FormData) => Promise<{ error: string; success?: undefined; } | { success: boolean; error?: undefined; }>' is not assignable to type 'string | ((formData: FormData) => void | Promise<void>) | undefined'.
  Type '(formData: FormData) => Promise<{ error: string; success?: undefined; } | { success: boolean; error?: undefined; }>' is not assignable to type '(formData: FormData) => void | Promise<void>'.
    Type 'Promise<{ error: string; success?: undefined; } | { success: boolean; error?: undefined; }>' is not assignable to type 'void | Promise<void>'.
      Type 'Promise<{ error: string; success?: undefined; } | { success: boolean; error?: undefined; }>' is not assignable to type 'Promise<void>'.
        Type '{ error: string; success?: undefined; } | { success: boolean; error?: undefined; }' is not assignable to type 'void'.
          Type '{ error: string; success?: undefined; }' is not assignable to type 'void'.
src/app/dashboard/teacher/activities/page.tsx(147,38): error TS2322: Type '{ id: any; name: any; grade: any; }[][]' is not assignable to type '{ id: string; name: string; grade?: string | undefined; }[]'.
  Type '{ id: any; name: any; grade: any; }[]' is missing the following properties from type '{ id: string; name: string; grade?: string | undefined; }': id, name
src/app/dashboard/teacher/alerts/page.tsx(92,65): error TS2339: Property 'full_name' does not exist on type '{ id: any; full_name: any; }[]'.
src/app/dashboard/teacher/alerts/page.tsx(96,47): error TS2322: Type '(formData: FormData) => Promise<{ error: string; success?: undefined; } | { success: boolean; error?: undefined; }>' is not assignable to type 'string | ((formData: FormData) => void | Promise<void>) | undefined'.
  Type '(formData: FormData) => Promise<{ error: string; success?: undefined; } | { success: boolean; error?: undefined; }>' is not assignable to type '(formData: FormData) => void | Promise<void>'.
    Type 'Promise<{ error: string; success?: undefined; } | { success: boolean; error?: undefined; }>' is not assignable to type 'void | Promise<void>'.
      Type 'Promise<{ error: string; success?: undefined; } | { success: boolean; error?: undefined; }>' is not assignable to type 'Promise<void>'.
        Type '{ error: string; success?: undefined; } | { success: boolean; error?: undefined; }' is not assignable to type 'void'.
          Type '{ error: string; success?: undefined; }' is not assignable to type 'void'.
src/app/dashboard/teacher/alerts/page.tsx(131,57): error TS2339: Property 'full_name' does not exist on type '{ id: any; full_name: any; }[]'.
src/app/dashboard/teacher/observations/page.tsx(126,47): error TS2322: Type '(formData: FormData) => Promise<{ error: string; success?: undefined; } | { success: boolean; error?: undefined; }>' is not assignable to type 'string | ((formData: FormData) => void | Promise<void>) | undefined'.
  Type '(formData: FormData) => Promise<{ error: string; success?: undefined; } | { success: boolean; error?: undefined; }>' is not assignable to type '(formData: FormData) => void | Promise<void>'.
    Type 'Promise<{ error: string; success?: undefined; } | { success: boolean; error?: undefined; }>' is not assignable to type 'void | Promise<void>'.
      Type 'Promise<{ error: string; success?: undefined; } | { success: boolean; error?: undefined; }>' is not assignable to type 'Promise<void>'.
        Type '{ error: string; success?: undefined; } | { success: boolean; error?: undefined; }' is not assignable to type 'void'.
          Type '{ error: string; success?: undefined; }' is not assignable to type 'void'.
src/app/dashboard/teacher/observations/page.tsx(138,85): error TS2339: Property 'full_name' does not exist on type '{ id: any; full_name: any; }[]'.
src/app/dashboard/teacher/observations/page.tsx(139,103): error TS2339: Property 'name' does not exist on type '{ name: any; }[]'.
src/app/dashboard/teacher/page.tsx(37,43): error TS2339: Property 'id' does not exist on type '{ id: any; name: any; grade: any; }[]'.
src/app/dashboard/teacher/page.tsx(172,57): error TS2339: Property 'full_name' does not exist on type '{ id: any; full_name: any; }[]'.
src/app/dashboard/teacher/page.tsx(251,92): error TS2339: Property 'name' does not exist on type '{ name: any; }[]'.
src/app/dashboard/teacher/reports/page.tsx(94,111): error TS2339: Property 'full_name' does not exist on type '{ id: any; full_name: any; }[]'.
src/app/dashboard/teacher/reports/page.tsx(98,108): error TS2339: Property 'name' does not exist on type '{ name: any; }[]'.
src/app/dashboard/teacher/reports/page.tsx(118,105): error TS2339: Property 'full_name' does not exist on type '{ full_name: any; }[]'.
