src/app/(dashboard)/admin/page.tsx(251,69): error TS2322: Type 'number | { id: any; }[]' is not assignable to type 'ReactNode'.
  Type '{ id: any; }[]' is not assignable to type 'ReactNode'.
    Type '{ id: any; }[]' is not assignable to type 'Iterable<ReactNode>'.
      The types returned by '[Symbol.iterator]().next(...)' are incompatible between these types.
        Type 'IteratorResult<{ id: any; }, undefined>' is not assignable to type 'IteratorResult<ReactNode, any>'.
          Type 'IteratorYieldResult<{ id: any; }>' is not assignable to type 'IteratorResult<ReactNode, any>'.
            Type 'IteratorYieldResult<{ id: any; }>' is not assignable to type 'IteratorYieldResult<ReactNode>'.
              Type '{ id: any; }' is not assignable to type 'ReactNode'.
